// Jest Snapshot v1, https://jestjs.io/docs/snapshot-testing

exports[`ArticleListItem Component should match DOM snapshot 1`] = `
<article
  class="border-b border-slate-300 dark:border-slate-500 pb-4 "
>
  <h4
    class="font-medium text-slate-800 dark:text-slate-200 mb-2"
  >
    <a
      class="hover:text-primary-600 dark:hover:text-primary-300 transition-colors"
      href="/articles/test-article"
    >
      Test Article
    </a>
  </h4>
  <p
    class="text-sm text-slate-600 dark:text-slate-300 mb-2"
  >
    This is a test article excerpt
  </p>
  <span
    class="text-xs text-slate-500 dark:text-slate-300"
  >
    2024-01-01
  </span>
</article>
`;
