// Jest Snapshot v1, https://jestjs.io/docs/snapshot-testing

exports[`CommunitySection Component should match DOM snapshot 1`] = `
<section
  class="p-6 rounded-lg bg-primary-100 dark:bg-slate-600 border border-primary-200 dark:border-slate-500 "
>
  <div
    class="text-center"
  >
    <h2
      class="text-xl font-bold mb-3 text-neutral-900 dark:text-neutral-100"
    >
      Join Our Gardening Community
    </h2>
    <p
      class="text-start sm:text-center text-primary-700 dark:text-neutral-300 mb-6"
    >
      Sign up for exclusive access to premium gardening tools, personalized plant care guides, and more!
    </p>
    <div
      class="flex flex-col sm:flex-row gap-4 justify-center"
    >
      <a
        class="bg-primary-600 hover:bg-primary-700 text-white font-medium py-3 px-6 rounded-lg transition-colors"
        href="/register"
      >
        Get Started - Sign Up
      </a>
      <a
        class="bg-white dark:bg-tertiary-800 hover:bg-neutral-50 dark:hover:bg-tertiary-900 text-neutral-600 dark:text-neutral-100 font-medium py-3 px-6 rounded-lg border border-primary-300 dark:border-none transition-colors"
        href="/login"
      >
        Already a Member? Log In
      </a>
    </div>
  </div>
</section>
`;
