// Jest Snapshot v1, https://jestjs.io/docs/snapshot-testing

exports[`Test Setup renders test component with correct structure and classes 1`] = `
<div
  class="flex items-center justify-center p-4 bg-green-100"
>
  <h1
    class="text-xl font-bold text-green-800"
  >
    Test Component
  </h1>
</div>
`;
