// Jest Snapshot v1, https://jestjs.io/docs/snapshot-testing

exports[`RecentArticles Component should match DOM snapshot 1`] = `
<div
  class="recent-articles "
>
  <h2
    class="text-xl font-semibold mb-4"
  >
    Recent Articles
  </h2>
  <div
    class="space-y-3"
  >
    <div
      class="border-b border-gray-200 pb-2"
    >
      <h3
        class="font-medium text-sm"
      >
        Recent Article 1
      </h3>
      <p
        class="text-xs text-gray-600"
      />
    </div>
  </div>
</div>
`;
