// Jest Snapshot v1, https://jestjs.io/docs/snapshot-testing

exports[`SearchArticles Component should match DOM snapshot 1`] = `
<div
  class="test-search-class"
>
  <h3
    class="text-lg font-semibold text-slate-800 dark:text-slate-200 mb-4"
  >
    Search Articles
  </h3>
  <div
    class="space-y-4"
  >
    <div
      class="relative"
    >
      <input
        class="block w-full pl-3 pr-12 py-2.5 h-10 text-base border border-slate-300 dark:border-slate-600 rounded-md bg-white dark:bg-slate-700 text-slate-900 dark:text-slate-100 placeholder-slate-900 dark:placeholder-slate-100 focus:outline-none focus:ring-2 focus:ring-primary-500 focus:border-primary-500 cursor-text hover:border-slate-400 dark:hover:border-slate-500 transition-colors"
        placeholder="Search articles..."
        type="text"
        value=""
      />
      <button
        class="absolute inset-y-0 right-0 pr-3 flex items-center text-slate-900 dark:text-slate-100 hover:text-slate-600 dark:hover:text-slate-300 disabled:opacity-50 disabled:cursor-not-allowed"
      >
        <svg
          class="h-4 w-4"
          fill="none"
          stroke="currentColor"
          viewBox="0 0 24 24"
        >
          <path
            d="M21 21l-6-6m2-5a7 7 0 11-14 0 7 7 0 0114 0z"
            stroke-linecap="round"
            stroke-linejoin="round"
            stroke-width="2"
          />
        </svg>
      </button>
    </div>
    <div
      class="relative"
    >
      <button
        aria-expanded="false"
        aria-haspopup="listbox"
        aria-label="Select category"
        class="w-full px-3 py-2.5 h-10 text-base border border-slate-300 dark:border-slate-600 rounded-md bg-white dark:bg-slate-700 text-slate-900 dark:text-slate-100 focus:outline-none focus:ring-2 focus:ring-primary-500 focus:border-primary-500 cursor-pointer hover:border-slate-400 dark:hover:border-slate-500 transition-colors text-left flex items-center justify-between"
        type="button"
      >
        <span
          class="truncate"
        >
          All Categories
        </span>
        <svg
          class="h-4 w-4 text-slate-900 dark:text-slate-100 transition-transform "
          fill="none"
          stroke="currentColor"
          viewBox="0 0 20 20"
        >
          <path
            d="M6 8l4 4 4-4"
            stroke-linecap="round"
            stroke-linejoin="round"
            stroke-width="1.5"
          />
        </svg>
      </button>
    </div>
    <div
      class="text-xs text-slate-600 dark:text-slate-300"
    >
      <span>
        0
         total articles
      </span>
    </div>
  </div>
</div>
`;
