// Jest Snapshot v1, https://jestjs.io/docs/snapshot-testing

exports[`ViewAllArticlesButton Component should match DOM snapshot 1`] = `
<a
  class="font-medium rounded-lg transition-colors inline-flex items-center justify-center bg-primary-500 hover:bg-primary-600 text-white hover:text-neutral-100 py-3 px-6 text-base "
  href="/articles"
>
  View All Articles
  <svg
    class="w-5 h-5 ml-2"
    fill="none"
    stroke="currentColor"
    viewBox="0 0 24 24"
  >
    <path
      d="M9 5l7 7-7 7"
      stroke-linecap="round"
      stroke-linejoin="round"
      stroke-width="2"
    />
  </svg>
</a>
`;
